     1                                  bits 32
     2                                  
     3                                  global start
     4                                  
     5                                  extern exit
     6                                  import exit msvcrt.dll
     7                                  
     8                                  segment data use32 class=data
     9 00000000 05                          a db 5
    10 00000001 0100                        b dw 1
    11 00000003 01000000                    c dd 1
    12 00000007 2D00000000000000            d dq 45
    13                                  
    14                                  
    15                                  ; c-(a+d)+(b+d)
    16                                  segment code use32 class=code
    17                                      start:
    18                                          ;a+d
    19 00000000 BB00000000                      mov ebx, 0
    20 00000005 B900000000                      mov ecx, 0
    21 0000000A 8A1D[00000000]                  mov bl, [a]
    22                                          
    23 00000010 A1[07000000]                    mov eax, [d]
    24 00000015 8B15[0B000000]                  mov edx, [d+4]
    25                                          
    26 0000001B 01D8                            add eax, ebx
    27 0000001D 01CA                            add edx, ecx
    28                                          
    29                                          
    30 0000001F 6A00                            push 0
    31 00000021 FF15[00000000]                  call [exit]
